*** Using Compiler 'V6.24', folder: 'D:\keil5\ARM\ARMCLANG\Bin'
Build target 'empty_LP_MSPM0G3507_nortos_keil'
Before Build - User command #1: cmd.exe /C "D:\TI\mspm0_sdk_2_04_00_06\26_balance\keil\../../tools/keil/syscfg.bat 'D:\TI\mspm0_sdk_2_04_00_06\26_balance\keil\' empty.syscfg"
Using Sysconfig Tool from "D:\TI\sysconfig_1.23.1\sysconfig_cli.bat"
"Update the file located at <sdk path>/tools/keil/syscfg.bat to use a different version"
Running script...
Validating...
warning: /ti/driverlib/SYSCTL: For best practices when the CPUCLK is running at 32MHz and above, clear the flash status bit using DL_FlashCTL_executeClearStatus() before executing any flash operation. Otherwise there may be false positives.
info: k230(/ti/driverlib/UART) DMA_CHANNEL_RX.channelID: Currently using a Full Channel.
info: jy61p(/ti/driverlib/UART) DMA_CHANNEL_RX.channelID: Currently using a Full Channel.
info: Stepper(/ti/driverlib/PWM): Peripheral does not retain register contents in STOP or STANDBY modes. User should take care to save and restore register configuration in application. See Retention Configuration section for more details.
info: TIMER_0(/ti/driverlib/TIMER): Peripheral does not retain register contents in STOP or STANDBY modes. User should take care to save and restore register configuration in application. See Retention Configuration section for more details.
info: BLE(/ti/driverlib/UART): Peripheral does not retain register contents in STOP or STANDBY modes. User should take care to save and restore register configuration in application. See Retention Configuration section for more details.
0 error(s), 1 warning(s)
Generating Code (empty.syscfg)...
Unchanged D:\TI\mspm0_sdk_2_04_00_06\26_balance\ti_msp_dl_config.c...
Unchanged D:\TI\mspm0_sdk_2_04_00_06\26_balance\ti_msp_dl_config.h...
Unchanged D:\TI\mspm0_sdk_2_04_00_06\26_balance\Event.dot...
compiling Pid.c...
compiling Encoder.c...
compiling k230.c...
compiling step_motor.c...
compiling uart.c...
compiling main.c...
linking...
Program Size: Code=16328 RO-data=580 RW-data=240 ZI-data=4112  
FromELF: creating hex file...
".\Objects\empty_LP_MSPM0G3507_nortos_keil.axf" - 0 Error(s), 0 Warning(s).
Build Time Elapsed:  00:00:04
